// Jest Snapshot v1, https://goo.gl/fbAQLP

exports[`renders correctly 1`] = `
Array [
  <div
    className="sc-bdnylx jQvQpK header"
  >
    <article
      className="sc-gtssRu dLuDwB"
    >
      <h3
        className="sc-dlnjPT eRMVCU"
      >
        Name
      </h3>
      <span
        className="sc-hKFyIo hiuoVs"
      >
        Email
      </span>
    </article>
  </div>,
  <div
    className="sc-bdnylx kIJtuq"
  >
    <article
      className="sc-gtssRu dLuDwB"
    >
      <h3
        className="sc-dlnjPT ibOGxv"
      >
        Estefania Kunze
      </h3>
      <span
        className="sc-hKFyIo beMXmz"
      >
        Ahmad31@yahoo.com
      </span>
    </article>
  </div>,
]
`;
