// Jest Snapshot v1, https://goo.gl/fbAQLP

exports[`renders correctly 1`] = `
<div
  className="sc-bdnylx hmsItK"
>
  <article
    className="sc-gtssRu dLuDwB"
  >
    <h3
      className="sc-dlnjPT ibOGxv"
    >
      Mock title
    </h3>
    <span
      className="sc-hKFyIo beMXmz"
    >
      Mock desc
    </span>
  </article>
</div>
`;
